// Jest Snapshot v1, https://goo.gl/fbAQLP

exports[`LoginScreen Component Rendering should have proper component structure 1`] = `
<View
  style={
    {
      "backgroundColor": "#F7FFF7",
      "flex": 1,
      "justifyContent": "center",
      "padding": 20,
    }
  }
  testID="login-screen"
>
  <Text
    style={
      {
        "color": "#1A535C",
        "fontSize": 24,
        "fontWeight": "bold",
        "marginBottom": 30,
        "textAlign": "center",
      }
    }
  >
    Welcome to Pet Love Community
  </Text>
  <View>
    <Text
      testID="input-label"
    >
      Username
    </Text>
    <TextInput
      onChangeText={[Function]}
      placeholder="Username"
      testID="input"
      value=""
    />
  </View>
  <View>
    <Text
      testID="input-label"
    >
      Password
    </Text>
    <TextInput
      onChangeText={[Function]}
      placeholder="Password"
      secureTextEntry={true}
      testID="input"
      value=""
    />
  </View>
  <TouchableOpacity
    disabled={false}
    onPress={[Function]}
    style={
      {
        "opacity": 1,
      }
    }
    testID="button"
  >
    <Text>
      Login
    </Text>
  </TouchableOpacity>
</View>
`;
